
--- 2026-08-10T14:32:46.280Z debug
🪵  Writing logs to "E:\Projects\link\new\.wrangler\logs\wrangler-2026-08-10_14-32-45_901.log"
---

--- 2026-08-10T14:32:46.280Z log

 ⛅️ wrangler 4.120.0
────────────────────
---

--- 2026-08-10T14:32:46.300Z log

---

--- 2026-08-10T14:32:46.531Z error
X [ERROR] In a non-interactive environment, it's necessary to set a CLOUDFLARE_API_TOKEN environment variable for wrangler to work. Please go to https://developers.cloudflare.com/fundamentals/api/get-started/create-token/ for instructions on how to create an api token, and assign its value to CLOUDFLARE_API_TOKEN.

  
  To continue without logging in, rerun this command with `--temporary`. Wrangler will use a temporary account and print a claim URL.


---

--- 2026-08-10T14:32:46.546Z debug
Error: In a non-interactive environment, it's necessary to set a CLOUDFLARE_API_TOKEN environment variable for wrangler to work. Please go to https://developers.cloudflare.com/fundamentals/api/get-started/create-token/ for instructions on how to create an api token, and assign its value to CLOUDFLARE_API_TOKEN.

To continue without logging in, rerun this command with `--temporary`. Wrangler will use a temporary account and print a claim URL.
    at Object.requireAuth (E:\Projects\link\new\node_modules\wrangler\wrangler-dist\cli.js:125466:15)
    at async Object.versionsDeploymentsListHandler [as handler] (E:\Projects\link\new\node_modules\wrangler\wrangler-dist\cli.js:424011:27)
    at async E:\Projects\link\new\node_modules\wrangler\wrangler-dist\cli.js:301749:26
    at async Object.handler (E:\Projects\link\new\node_modules\wrangler\wrangler-dist\cli.js:301686:7)
---
